0,4,60
4,4,62
8,4,63
12,4,65
16,4,67
20,4,68
24,4,71
28,4,72

