Tempo,30
0,4,60
0,4,64
0,4,67
4,4,56
4,4,60
4,4,63
8,4,60
8,4,64
8,4,67
12,4,53
12,4,57
12,4,60

