Tempo,30
0,4,52
0,4,67
0,4,71
4,4,50
4,4,65
4,4,69
8,4,48
8,4,64
8,4,67
12,4,52
12,4,67
12,4,71
16,4,50
16,4,65
16,4,69
20,4,48
20,4,64
20,4,67
24,1,48
24,1,64
24,1,67
25,1,48
25,1,64
25,1,67
26,1,48
26,1,64
26,1,67
27,1,48
27,1,64
27,1,67
28,1,50
28,1,65
28,1,69
29,1,50
29,1,65
29,1,69
30,1,50
30,1,65
30,1,69
31,1,50
31,1,65
31,1,69
32,4,52
32,4,67
32,4,71
36,4,50
36,4,65
36,4,69
40,4,48
40,4,64
40,4,67

