0,4,57
0,4,48
0,4,51
4,4,57
4,4,48
4,4,51
8,4,57
8,4,48
8,4,51

