0,4,60
0,4,64
0,4,67
4,4,65
4,4,81
4,4,72
8,4,67
8,4,83
8,4,74

