0,4,69
4,4,70
8,4,71
12,4,72
16,4,74
20,4,75
24,4,76
28,4,77
32,4,78
36,4,79
40,4,80
44,4,81

