0,4,81
0,4,72
0,4,75
0,32,93
0,32,84
0,32,87

