
0,8,65
8,16,67
8,16,71
8,16,62
24,8,67
32,16,67
32,16,71
32,16,62
48,8,69
56,8,70
64,16,60
64,16,64
64,16,67
80,8,72
88,16,60
88,16,64
88,16,67
104,8,74
112,16,60
112,16,64
112,16,67
128,8,76
136,8,77
144,16,65
144,16,69
144,16,60

