0,4,64
4,4,62
8,4,60
12,4,64
16,4,62
20,4,60
24,1,60
25,1,60
26,1,60
27,1,60
28,1,62
29,1,62
30,1,62
31,1,62
32,4,64
36,4,62
40,4,60

