0,4,78
4,4,81
8,4,78
12,4,72
16,4,72
20,4,79
24,4,79
28,4,76
32,4,79
36,4,81
40,4,80
44,4,74
48,4,71
52,4,78
56,4,76
60,4,74
64,4,69
68,4,82
72,4,81
76,4,82

