0,4,69
4,4,69
8,4,70
12,4,71
16,4,72
20,4,74
24,4,75
28,4,76
32,4,77
36,4,78
40,4,79
44,4,80
48,4,81

