0,4,60
4,4,61
8,4,62
12,4,63
16,4,64
20,4,65
24,4,66
28,4,67
32,4,68
36,4,69
40,4,70
44,4,71

