0,4,57
4,4,59
8,4,60
12,4,62
16,4,64
20,4,65
24,4,67
28,4,69

