0,4,69
4,4,69
8,4,69
12,4,70
16,4,69
20,4,71
24,4,69
28,4,72
32,4,69
36,4,73
40,4,69
44,4,74
48,4,69
52,4,75
56,4,69
60,4,76
64,4,69
68,4,77
72,4,69
76,4,78
80,4,69
84,4,79
88,4,69
92,4,80

