0,16,81
0,16,72
0,16,75
16,16,81
16,16,93
16,16,69
32,16,81
32,16,72
32,16,75

