Tempo,30
0,4,60
0,4,64
0,4,67
4,4,64
4,4,68
4,4,71
8,4,60
8,4,64
8,4,67
12,4,67
12,4,71
12,4,74

